
> asa-monorepo@ build C:\apps\ASA
> turbo build

ÔÇó turbo 2.8.20

   ÔÇó Packages in scope: @asa/database, @asa/shared, @asa/web
   ÔÇó Running build in 3 packages
   ÔÇó Remote caching disabled

@asa/database:build: cache miss, executing 49fc641cfd15fd91
@asa/shared:build: cache hit, replaying logs 3ff1c161233b27c4
@asa/shared:build: 
@asa/shared:build: > @asa/shared@0.0.1 build C:\apps\ASA\packages\shared
@asa/shared:build: > tsc
@asa/shared:build: 
@asa/database:build: 
@asa/database:build: > @asa/database@0.0.1 build C:\apps\ASA\packages\database
@asa/database:build: > prisma generate && tsc
@asa/database:build: 
@asa/database:build: warn The configuration property `package.json#prisma` is deprecated and will be removed in Prisma 7. Please migrate to a Prisma config file (e.g., `prisma.config.ts`).
@asa/database:build: For more information, see: https://pris.ly/prisma-config
@asa/database:build: 
@asa/database:build: Environment variables loaded from .env
@asa/database:build: Prisma schema loaded from prisma\schema.prisma
@asa/database:build: 
@asa/database:build: Ô£ö Generated Prisma Client (v6.19.2) to .\..\..\node_modules\.pnpm\@prisma+client@6.19.2_prisma@6.19.2_typescript@5.9.3__typescript@5.9.3\node_modules\@prisma\client in 264ms
@asa/database:build: 
@asa/database:build: Start by importing your Prisma Client (See: https://pris.ly/d/importing-client)
@asa/database:build: 
@asa/database:build: Tip: Interested in query caching in just a few lines of code? Try Accelerate today! https://pris.ly/tip-3-accelerate
@asa/database:build: 
@asa/web:build: cache miss, executing c3efdf50b23ea9ef
@asa/web:build: 
@asa/web:build: > @asa/web@0.0.1 build C:\apps\ASA\apps\web
@asa/web:build: > next build
@asa/web:build: 
